1234567890 1234567890 1234567890 1234567890 1234567890 1234567890 1234567890 123
4567890
