    1234567890 1234567890 123456
    7890 1234567890 1234567890 1
    234567890 1234567890 1234567
    890
