    1234567890 1234567890 1234567890 1234567890
  12
  34
  56
  78
  90
   1
  23
  45
  67
  89
  0 
  12
  34
  56
  78
  90
   1
  23
  45
  67
  89
  0
