    1234 1234 1234 1234
  12
   1
  2 
  12
   1
  2 
  12
   1
  2 
  12
   1
  2
