1234	123
4	1234	12
34
  1234	1
  234	12
  34	123
  4
