
???
??????
https://en.wikipedia.org/wiki/UTF-8#Invalid_byte_sequences
?????????????
?
??
??
???
????
????
????
? ?