  "_How_ dare
    _you_ do
    this?"

  "_?ow_ dare
    _you_ do
    this?"
